inyectar-datos-azure	Set up job	´╗┐2026-09-02T04:11:43.3557069Z Current runner version: '2.336.0'
inyectar-datos-azure	Set up job	2026-09-02T04:11:43.3583002Z ##[group]Runner Image Provisioner
inyectar-datos-azure	Set up job	2026-09-02T04:11:43.3583992Z Hosted Compute Agent
inyectar-datos-azure	Set up job	2026-09-02T04:11:43.3584735Z Version: 20260819.586
inyectar-datos-azure	Set up job	2026-09-02T04:11:43.3585433Z Commit: 3cc4a88dfa507ef76119ad1bb3eccc6378bb2b76
inyectar-datos-azure	Set up job	2026-09-02T04:11:43.3586199Z Build Date: 2026-08-18T23:20:18Z
inyectar-datos-azure	Set up job	2026-09-02T04:11:43.3587010Z Worker ID: {22d82d38-02b3-454e-beca-e5e88ad087e8}
inyectar-datos-azure	Set up job	2026-09-02T04:11:43.3588070Z Azure Region: westus
inyectar-datos-azure	Set up job	2026-09-02T04:11:43.3588768Z ##[endgroup]
inyectar-datos-azure	Set up job	2026-09-02T04:11:43.3590332Z ##[group]Operating System
inyectar-datos-azure	Set up job	2026-09-02T04:11:43.3591034Z Ubuntu
inyectar-datos-azure	Set up job	2026-09-02T04:11:43.3591685Z 24.04.4
inyectar-datos-azure	Set up job	2026-09-02T04:11:43.3592239Z LTS
inyectar-datos-azure	Set up job	2026-09-02T04:11:43.3592816Z ##[endgroup]
inyectar-datos-azure	Set up job	2026-09-02T04:11:43.3593515Z ##[group]Runner Image
inyectar-datos-azure	Set up job	2026-09-02T04:11:43.3594155Z Image: ubuntu-24.04
inyectar-datos-azure	Set up job	2026-09-02T04:11:43.3594818Z Version: 20260823.283.1
inyectar-datos-azure	Set up job	2026-09-02T04:11:43.3595941Z Included Software: https://github.com/actions/runner-images/blob/ubuntu24/20260823.283/images/ubuntu/Ubuntu2404-Readme.md
inyectar-datos-azure	Set up job	2026-09-02T04:11:43.3598084Z Image Release: https://github.com/actions/runner-images/releases/tag/ubuntu24%2F20260823.283
inyectar-datos-azure	Set up job	2026-09-02T04:11:43.3599124Z ##[endgroup]
inyectar-datos-azure	Set up job	2026-09-02T04:11:43.3600460Z ##[group]GITHUB_TOKEN Permissions
inyectar-datos-azure	Set up job	2026-09-02T04:11:43.3602671Z Contents: read
inyectar-datos-azure	Set up job	2026-09-02T04:11:43.3603474Z Metadata: read
inyectar-datos-azure	Set up job	2026-09-02T04:11:43.3604086Z Packages: read
inyectar-datos-azure	Set up job	2026-09-02T04:11:43.3604715Z ##[endgroup]
inyectar-datos-azure	Set up job	2026-09-02T04:11:43.3606845Z Secret source: Actions
inyectar-datos-azure	Set up job	2026-09-02T04:11:43.3608421Z Prepare workflow directory
inyectar-datos-azure	Set up job	2026-09-02T04:11:43.3950941Z Prepare all required actions
inyectar-datos-azure	Set up job	2026-09-02T04:11:43.4000825Z Getting action download info
inyectar-datos-azure	Set up job	2026-09-02T04:11:43.7359423Z Download action repository 'actions/checkout@v4' (SHA:11d5960a326750d5838078e36cf38b85af677262)
inyectar-datos-azure	Set up job	2026-09-02T04:11:43.9052773Z Download action repository 'actions/setup-python@v5' (SHA:a26af69be951a213d495a4c3e4e4022e16d87065)
inyectar-datos-azure	Set up job	2026-09-02T04:11:44.1261152Z Complete job name: inyectar-datos-azure
inyectar-datos-azure	Clonar el repositorio	´╗┐2026-09-02T04:11:44.2014068Z Node 20 is being deprecated. This workflow is running with Node 24 by default. If you need to temporarily use Node 20, you can set the ACTIONS_ALLOW_USE_UNSECURE_NODE_VERSION=true environment variable. For more information see: https://github.blog/changelog/2025-09-19-deprecation-of-node-20-on-github-actions-runners/
inyectar-datos-azure	Clonar el repositorio	2026-09-02T04:11:44.2023276Z ##[group]Run actions/checkout@v4
inyectar-datos-azure	Clonar el repositorio	2026-09-02T04:11:44.2024051Z with:
inyectar-datos-azure	Clonar el repositorio	2026-09-02T04:11:44.2024577Z   repository: robertpid/end-to-end-aml-pipeline
inyectar-datos-azure	Clonar el repositorio	2026-09-02T04:11:44.2028824Z   token: ***
inyectar-datos-azure	Clonar el repositorio	2026-09-02T04:11:44.2029284Z   ssh-strict: true
inyectar-datos-azure	Clonar el repositorio	2026-09-02T04:11:44.2029740Z   ssh-user: git
inyectar-datos-azure	Clonar el repositorio	2026-09-02T04:11:44.2030195Z   persist-credentials: true
inyectar-datos-azure	Clonar el repositorio	2026-09-02T04:11:44.2030687Z   clean: true
inyectar-datos-azure	Clonar el repositorio	2026-09-02T04:11:44.2031145Z   sparse-checkout-cone-mode: true
inyectar-datos-azure	Clonar el repositorio	2026-09-02T04:11:44.2031671Z   fetch-depth: 1
inyectar-datos-azure	Clonar el repositorio	2026-09-02T04:11:44.2032107Z   fetch-tags: false
inyectar-datos-azure	Clonar el repositorio	2026-09-02T04:11:44.2032550Z   show-progress: true
inyectar-datos-azure	Clonar el repositorio	2026-09-02T04:11:44.2032996Z   lfs: false
inyectar-datos-azure	Clonar el repositorio	2026-09-02T04:11:44.2033416Z   submodules: false
inyectar-datos-azure	Clonar el repositorio	2026-09-02T04:11:44.2033915Z   set-safe-directory: true
inyectar-datos-azure	Clonar el repositorio	2026-09-02T04:11:44.2034429Z   allow-unsafe-pr-checkout: false
inyectar-datos-azure	Clonar el repositorio	2026-09-02T04:11:44.2035219Z ##[endgroup]
inyectar-datos-azure	Clonar el repositorio	2026-09-02T04:11:44.3036216Z Syncing repository: robertpid/end-to-end-aml-pipeline
inyectar-datos-azure	Clonar el repositorio	2026-09-02T04:11:44.3039438Z ##[group]Getting Git version info
inyectar-datos-azure	Clonar el repositorio	2026-09-02T04:11:44.3040412Z Working directory is '/home/runner/work/end-to-end-aml-pipeline/end-to-end-aml-pipeline'
inyectar-datos-azure	Clonar el repositorio	2026-09-02T04:11:44.3041630Z [command]/usr/bin/git version
inyectar-datos-azure	Clonar el repositorio	2026-09-02T04:11:44.3148216Z git version 2.55.0
inyectar-datos-azure	Clonar el repositorio	2026-09-02T04:11:44.3202464Z ##[endgroup]
inyectar-datos-azure	Clonar el repositorio	2026-09-02T04:11:44.3234292Z Temporarily overriding HOME='/home/runner/work/_temp/9d17b163-bd31-4b07-b8a6-0ec4b3671013' before making global git config changes
inyectar-datos-azure	Clonar el repositorio	2026-09-02T04:11:44.3236967Z Adding repository directory to the temporary git global config as a safe directory
inyectar-datos-azure	Clonar el repositorio	2026-09-02T04:11:44.3239536Z [command]/usr/bin/git config --global --add safe.directory /home/runner/work/end-to-end-aml-pipeline/end-to-end-aml-pipeline
inyectar-datos-azure	Clonar el repositorio	2026-09-02T04:11:44.3286212Z Deleting the contents of '/home/runner/work/end-to-end-aml-pipeline/end-to-end-aml-pipeline'
inyectar-datos-azure	Clonar el repositorio	2026-09-02T04:11:44.3292806Z ##[group]Initializing the repository
inyectar-datos-azure	Clonar el repositorio	2026-09-02T04:11:44.3298720Z [command]/usr/bin/git init /home/runner/work/end-to-end-aml-pipeline/end-to-end-aml-pipeline
inyectar-datos-azure	Clonar el repositorio	2026-09-02T04:11:44.3428417Z hint: Using 'master' as the name for the initial branch. This default branch name
inyectar-datos-azure	Clonar el repositorio	2026-09-02T04:11:44.3429884Z hint: will change to "main" in Git 3.0. To configure the initial branch name
inyectar-datos-azure	Clonar el repositorio	2026-09-02T04:11:44.3431609Z hint: to use in all of your new repositories, which will suppress this warning,
inyectar-datos-azure	Clonar el repositorio	2026-09-02T04:11:44.3432736Z hint: call:
inyectar-datos-azure	Clonar el repositorio	2026-09-02T04:11:44.3433519Z hint:
inyectar-datos-azure	Clonar el repositorio	2026-09-02T04:11:44.3434200Z hint: 	git config --global init.defaultBranch <name>
inyectar-datos-azure	Clonar el repositorio	2026-09-02T04:11:44.3434833Z hint:
inyectar-datos-azure	Clonar el repositorio	2026-09-02T04:11:44.3435431Z hint: Names commonly chosen instead of 'master' are 'main', 'trunk' and
inyectar-datos-azure	Clonar el repositorio	2026-09-02T04:11:44.3436379Z hint: 'development'. The just-created branch can be renamed via this command:
inyectar-datos-azure	Clonar el repositorio	2026-09-02T04:11:44.3437147Z hint:
inyectar-datos-azure	Clonar el repositorio	2026-09-02T04:11:44.3437750Z hint: 	git branch -m <name>
inyectar-datos-azure	Clonar el repositorio	2026-09-02T04:11:44.3438262Z hint:
inyectar-datos-azure	Clonar el repositorio	2026-09-02T04:11:44.3439012Z hint: Disable this message with "git config set advice.defaultBranchName false"
inyectar-datos-azure	Clonar el repositorio	2026-09-02T04:11:44.3441040Z Initialized empty Git repository in /home/runner/work/end-to-end-aml-pipeline/end-to-end-aml-pipeline/.git/
inyectar-datos-azure	Clonar el repositorio	2026-09-02T04:11:44.3444744Z [command]/usr/bin/git remote add origin https://github.com/robertpid/end-to-end-aml-pipeline
inyectar-datos-azure	Clonar el repositorio	2026-09-02T04:11:44.3498462Z ##[endgroup]
inyectar-datos-azure	Clonar el repositorio	2026-09-02T04:11:44.3499994Z ##[group]Disabling automatic garbage collection
inyectar-datos-azure	Clonar el repositorio	2026-09-02T04:11:44.3502576Z [command]/usr/bin/git config --local gc.auto 0
inyectar-datos-azure	Clonar el repositorio	2026-09-02T04:11:44.3546522Z ##[endgroup]
inyectar-datos-azure	Clonar el repositorio	2026-09-02T04:11:44.3547972Z ##[group]Setting up auth
inyectar-datos-azure	Clonar el repositorio	2026-09-02T04:11:44.3549257Z [command]/usr/bin/git config --local --name-only --get-regexp core\.sshCommand
inyectar-datos-azure	Clonar el repositorio	2026-09-02T04:11:44.3579953Z [command]/usr/bin/git submodule foreach --recursive sh -c "git config --local --name-only --get-regexp 'core\.sshCommand' && git config --local --unset-all 'core.sshCommand' || :"
inyectar-datos-azure	Clonar el repositorio	2026-09-02T04:11:44.3969148Z [command]/usr/bin/git config --local --name-only --get-regexp http\.https\:\/\/github\.com\/\.extraheader
inyectar-datos-azure	Clonar el repositorio	2026-09-02T04:11:44.4008446Z [command]/usr/bin/git submodule foreach --recursive sh -c "git config --local --name-only --get-regexp 'http\.https\:\/\/github\.com\/\.extraheader' && git config --local --unset-all 'http.https://github.com/.extraheader' || :"
inyectar-datos-azure	Clonar el repositorio	2026-09-02T04:11:44.4245666Z [command]/usr/bin/git config --local --name-only --get-regexp ^includeIf\.gitdir:
inyectar-datos-azure	Clonar el repositorio	2026-09-02T04:11:44.4291055Z [command]/usr/bin/git submodule foreach --recursive git config --local --show-origin --name-only --get-regexp remote.origin.url
inyectar-datos-azure	Clonar el repositorio	2026-09-02T04:11:44.4546863Z [command]/usr/bin/git config --local http.https://github.com/.extraheader AUTHORIZATION: basic ***
inyectar-datos-azure	Clonar el repositorio	2026-09-02T04:11:44.4592179Z ##[endgroup]
inyectar-datos-azure	Clonar el repositorio	2026-09-02T04:11:44.4593483Z ##[group]Fetching the repository
inyectar-datos-azure	Clonar el repositorio	2026-09-02T04:11:44.4607345Z [command]/usr/bin/git -c protocol.version=2 fetch --no-tags --prune --no-recurse-submodules --depth=1 origin +3ffae57e52db341d6e94af2f94699ddec8d33dff:refs/remotes/origin/main
inyectar-datos-azure	Clonar el repositorio	2026-09-02T04:11:44.8742701Z From https://github.com/robertpid/end-to-end-aml-pipeline
inyectar-datos-azure	Clonar el repositorio	2026-09-02T04:11:44.8746968Z  * [new ref]         3ffae57e52db341d6e94af2f94699ddec8d33dff -> origin/main
inyectar-datos-azure	Clonar el repositorio	2026-09-02T04:11:44.8750538Z ##[endgroup]
inyectar-datos-azure	Clonar el repositorio	2026-09-02T04:11:44.8752274Z ##[group]Determining the checkout info
inyectar-datos-azure	Clonar el repositorio	2026-09-02T04:11:44.8754303Z ##[endgroup]
inyectar-datos-azure	Clonar el repositorio	2026-09-02T04:11:44.8761299Z [command]/usr/bin/git sparse-checkout disable
inyectar-datos-azure	Clonar el repositorio	2026-09-02T04:11:44.8815808Z [command]/usr/bin/git config --local --unset-all extensions.worktreeConfig
inyectar-datos-azure	Clonar el repositorio	2026-09-02T04:11:44.8849748Z ##[group]Checking out the ref
inyectar-datos-azure	Clonar el repositorio	2026-09-02T04:11:44.8854216Z [command]/usr/bin/git checkout --progress --force -B main refs/remotes/origin/main
inyectar-datos-azure	Clonar el repositorio	2026-09-02T04:11:44.8925474Z Switched to a new branch 'main'
inyectar-datos-azure	Clonar el repositorio	2026-09-02T04:11:44.8932669Z branch 'main' set up to track 'origin/main'.
inyectar-datos-azure	Clonar el repositorio	2026-09-02T04:11:44.8939561Z ##[endgroup]
inyectar-datos-azure	Clonar el repositorio	2026-09-02T04:11:44.8979145Z [command]/usr/bin/git log -1 --format=%H
inyectar-datos-azure	Clonar el repositorio	2026-09-02T04:11:44.9005889Z 3ffae57e52db341d6e94af2f94699ddec8d33dff
inyectar-datos-azure	Configurar Python	´╗┐2026-09-02T04:11:44.9286760Z Node 20 is being deprecated. This workflow is running with Node 24 by default. If you need to temporarily use Node 20, you can set the ACTIONS_ALLOW_USE_UNSECURE_NODE_VERSION=true environment variable. For more information see: https://github.blog/changelog/2025-09-19-deprecation-of-node-20-on-github-actions-runners/
inyectar-datos-azure	Configurar Python	2026-09-02T04:11:44.9289854Z ##[group]Run actions/setup-python@v5
inyectar-datos-azure	Configurar Python	2026-09-02T04:11:44.9290414Z with:
inyectar-datos-azure	Configurar Python	2026-09-02T04:11:44.9290841Z   python-version: 3.10
inyectar-datos-azure	Configurar Python	2026-09-02T04:11:44.9291320Z   check-latest: false
inyectar-datos-azure	Configurar Python	2026-09-02T04:11:44.9295134Z   token: ***
inyectar-datos-azure	Configurar Python	2026-09-02T04:11:44.9295582Z   update-environment: true
inyectar-datos-azure	Configurar Python	2026-09-02T04:11:44.9296087Z   allow-prereleases: false
inyectar-datos-azure	Configurar Python	2026-09-02T04:11:44.9296577Z   freethreaded: false
inyectar-datos-azure	Configurar Python	2026-09-02T04:11:44.9297034Z ##[endgroup]
inyectar-datos-azure	Configurar Python	2026-09-02T04:11:45.0664208Z ##[group]Installed versions
inyectar-datos-azure	Configurar Python	2026-09-02T04:11:45.0755357Z (node:2354) [DEP0040] DeprecationWarning: The `punycode` module is deprecated. Please use a userland alternative instead.
inyectar-datos-azure	Configurar Python	2026-09-02T04:11:45.0758291Z (Use `node --trace-deprecation ...` to show where the warning was created)
inyectar-datos-azure	Configurar Python	2026-09-02T04:11:45.0760268Z Successfully set up CPython (3.10.21)
inyectar-datos-azure	Configurar Python	2026-09-02T04:11:45.0761955Z ##[endgroup]
inyectar-datos-azure	Instalar dependencias y ODBC Driver para Linux	´╗┐2026-09-02T04:11:45.0963479Z ##[group]Run # Agregar las llaves de Microsoft (requiere sudo)
inyectar-datos-azure	Instalar dependencias y ODBC Driver para Linux	2026-09-02T04:11:45.0965024Z ^[[36;1m# Agregar las llaves de Microsoft (requiere sudo)^[[0m
inyectar-datos-azure	Instalar dependencias y ODBC Driver para Linux	2026-09-02T04:11:45.0967254Z ^[[36;1mcurl https://packages.microsoft.com/keys/microsoft.asc | sudo tee /etc/apt/trusted.gpg.d/microsoft.asc^[[0m
inyectar-datos-azure	Instalar dependencias y ODBC Driver para Linux	2026-09-02T04:11:45.0970854Z ^[[36;1mcurl https://packages.microsoft.com/config/ubuntu/22.04/prod.list | sudo tee /etc/apt/sources.list.d/mssql-release.list^[[0m
inyectar-datos-azure	Instalar dependencias y ODBC Driver para Linux	2026-09-02T04:11:45.0972982Z ^[[36;1m^[[0m
inyectar-datos-azure	Instalar dependencias y ODBC Driver para Linux	2026-09-02T04:11:45.0973743Z ^[[36;1m# Actualizar repositorios e instalar (requiere sudo)^[[0m
inyectar-datos-azure	Instalar dependencias y ODBC Driver para Linux	2026-09-02T04:11:45.0974863Z ^[[36;1msudo apt-get update^[[0m
inyectar-datos-azure	Instalar dependencias y ODBC Driver para Linux	2026-09-02T04:11:45.0975970Z ^[[36;1msudo ACCEPT_EULA=Y apt-get install -y msodbcsql18 unixodbc-dev^[[0m
inyectar-datos-azure	Instalar dependencias y ODBC Driver para Linux	2026-09-02T04:11:45.1206740Z shell: /usr/bin/bash -e {0}
inyectar-datos-azure	Instalar dependencias y ODBC Driver para Linux	2026-09-02T04:11:45.1208284Z env:
inyectar-datos-azure	Instalar dependencias y ODBC Driver para Linux	2026-09-02T04:11:45.1209995Z   pythonLocation: /opt/hostedtoolcache/Python/3.10.21/x64
inyectar-datos-azure	Instalar dependencias y ODBC Driver para Linux	2026-09-02T04:11:45.1212880Z   PKG_CONFIG_PATH: /opt/hostedtoolcache/Python/3.10.21/x64/lib/pkgconfig
inyectar-datos-azure	Instalar dependencias y ODBC Driver para Linux	2026-09-02T04:11:45.1214509Z   Python_ROOT_DIR: /opt/hostedtoolcache/Python/3.10.21/x64
inyectar-datos-azure	Instalar dependencias y ODBC Driver para Linux	2026-09-02T04:11:45.1215825Z   Python2_ROOT_DIR: /opt/hostedtoolcache/Python/3.10.21/x64
inyectar-datos-azure	Instalar dependencias y ODBC Driver para Linux	2026-09-02T04:11:45.1217131Z   Python3_ROOT_DIR: /opt/hostedtoolcache/Python/3.10.21/x64
inyectar-datos-azure	Instalar dependencias y ODBC Driver para Linux	2026-09-02T04:11:45.1218801Z   LD_LIBRARY_PATH: /opt/hostedtoolcache/Python/3.10.21/x64/lib
inyectar-datos-azure	Instalar dependencias y ODBC Driver para Linux	2026-09-02T04:11:45.1219909Z ##[endgroup]
inyectar-datos-azure	Instalar dependencias y ODBC Driver para Linux	2026-09-02T04:11:45.1490158Z   % Total    % Received % Xferd  Average Speed   Time    Time     Time  Current
inyectar-datos-azure	Instalar dependencias y ODBC Driver para Linux	2026-09-02T04:11:45.1492996Z                                  Dload  Upload   Total   Spent    Left  Speed
inyectar-datos-azure	Instalar dependencias y ODBC Driver para Linux	2026-09-02T04:11:45.1494665Z 
inyectar-datos-azure	Instalar dependencias y ODBC Driver para Linux	2026-09-02T04:11:45.1792007Z   0     0    0     0    0     0      0      0 --:--:-- --:--:-- --:--:--     0
inyectar-datos-azure	Instalar dependencias y ODBC Driver para Linux	2026-09-02T04:11:45.1794153Z 100   975  100   975    0     0  31997      0 --:--:-- --:--:-- --:--:-- 32500
inyectar-datos-azure	Instalar dependencias y ODBC Driver para Linux	2026-09-02T04:11:45.1796000Z -----BEGIN PGP PUBLIC KEY BLOCK-----
inyectar-datos-azure	Instalar dependencias y ODBC Driver para Linux	2026-09-02T04:11:45.1797332Z Version: BSN Pgp v1.1.0.0
inyectar-datos-azure	Instalar dependencias y ODBC Driver para Linux	2026-09-02T04:11:45.1798445Z 
inyectar-datos-azure	Instalar dependencias y ODBC Driver para Linux	2026-09-02T04:11:45.1799726Z mQENBFYxWIwBCADAKoZhZlJxGNGWzqV+1OG1xiQeoowKhssGAKvd+buXCGISZJwT
inyectar-datos-azure	Instalar dependencias y ODBC Driver para Linux	2026-09-02T04:11:45.1802645Z LXZqIcIiLP7pqdcZWtE9bSc7yBY2MalDp9Liu0KekywQ6VVX1T72NPf5Ev6x6DLV
inyectar-datos-azure	Instalar dependencias y ODBC Driver para Linux	2026-09-02T04:11:45.1805447Z 7aVWsCzUAF+eb7DC9fPuFLEdxmOEYoPjzrQ7cCnSV4JQxAqhU4T6OjbvRazGl3ag
inyectar-datos-azure	Instalar dependencias y ODBC Driver para Linux	2026-09-02T04:11:45.1808445Z OeizPXmRljMtUUttHQZnRhtlzkmwIrUivbfFPD+fEoHJ1+uIdfOzZX8/oKHKLe2j
inyectar-datos-azure	Instalar dependencias y ODBC Driver para Linux	2026-09-02T04:11:45.1811157Z H632kvsNzJFlROVvGLYAk2WRcLu+RjjggixhwiB+Mu/A8Tf4V6b+YppS44q8EvVr
inyectar-datos-azure	Instalar dependencias y ODBC Driver para Linux	2026-09-02T04:11:45.1812934Z M+QvY7LNSOffSO6Slsy9oisGTdfE39nC7pVRABEBAAG0N01pY3Jvc29mdCAoUmVs
inyectar-datos-azure	Instalar dependencias y ODBC Driver para Linux	2026-09-02T04:11:45.1814725Z ZWFzZSBzaWduaW5nKSA8Z3Bnc2VjdXJpdHlAbWljcm9zb2Z0LmNvbT6JATQEEwEI
inyectar-datos-azure	Instalar dependencias y ODBC Driver para Linux	2026-09-02T04:11:45.1816526Z AB4FAlYxWIwCGwMGCwkIBwMCAxUIAwMWAgECHgECF4AACgkQ6z6Urb4SKc+P9gf/
inyectar-datos-azure	Instalar dependencias y ODBC Driver para Linux	2026-09-02T04:11:45.1818822Z diY2900wvWEgV7iMgrtGzx79W/PbwWiOkKoD9sdzhARXWiP8Q5teL/t5TUH6TZ3B
inyectar-datos-azure	Instalar dependencias y ODBC Driver para Linux	2026-09-02T04:11:45.1820498Z ENboDjwr705jLLPwuEDtPI9jz4kvdT86JwwG6N8gnWM8Ldi56SdJEtXrzwtlB/Fe
inyectar-datos-azure	Instalar dependencias y ODBC Driver para Linux	2026-09-02T04:11:45.1822223Z 6tyfMT1E/PrJfgALUG9MWTIJkc0GhRJoyPpGZ6YWSLGXnk4c0HltYKDFR7q4wtI8
inyectar-datos-azure	Instalar dependencias y ODBC Driver para Linux	2026-09-02T04:11:45.1824733Z 4cBu4mjZHZbxIO6r8Cci+xxuJkpOTIpr4pdpQKpECM6x5SaT2gVnscbN0PE19KK9
inyectar-datos-azure	Instalar dependencias y ODBC Driver para Linux	2026-09-02T04:11:45.1827876Z nPsBxyK4wW0AvAhed2qldBPTipgzPhqB2gu0jSryil95bKrSmlYJd1Y1XfNHno5D
inyectar-datos-azure	Instalar dependencias y ODBC Driver para Linux	2026-09-02T04:11:45.1830158Z xfn5JwgySBIdWWvtOI05gw==
inyectar-datos-azure	Instalar dependencias y ODBC Driver para Linux	2026-09-02T04:11:45.1831235Z =zPfd
inyectar-datos-azure	Instalar dependencias y ODBC Driver para Linux	2026-09-02T04:11:45.1832122Z -----END PGP PUBLIC KEY BLOCK-----
inyectar-datos-azure	Instalar dependencias y ODBC Driver para Linux	2026-09-02T04:11:45.1869110Z   % Total    % Received % Xferd  Average Speed   Time    Time     Time  Current
inyectar-datos-azure	Instalar dependencias y ODBC Driver para Linux	2026-09-02T04:11:45.1871909Z                                  Dload  Upload   Total   Spent    Left  Speed
inyectar-datos-azure	Instalar dependencias y ODBC Driver para Linux	2026-09-02T04:11:45.1873733Z 
inyectar-datos-azure	Instalar dependencias y ODBC Driver para Linux	2026-09-02T04:11:45.2153531Z   0     0    0     0    0     0      0      0 --:--:-- --:--:-- --:--:--     0
inyectar-datos-azure	Instalar dependencias y ODBC Driver para Linux	2026-09-02T04:11:45.2156243Z deb [arch=amd64,arm64,armhf] https://packages.microsoft.com/ubuntu/22.04/prod jammy main
inyectar-datos-azure	Instalar dependencias y ODBC Driver para Linux	2026-09-02T04:11:45.2159268Z 100    89  100    89    0     0   3118      0 --:--:-- --:--:-- --:--:--  3178
inyectar-datos-azure	Instalar dependencias y ODBC Driver para Linux	2026-09-02T04:11:45.3435468Z Get:1 file:/etc/apt/apt-mirrors.txt Mirrorlist [144 B]
inyectar-datos-azure	Instalar dependencias y ODBC Driver para Linux	2026-09-02T04:11:45.3934873Z Hit:2 http://azure.archive.ubuntu.com/ubuntu noble InRelease
inyectar-datos-azure	Instalar dependencias y ODBC Driver para Linux	2026-09-02T04:11:45.3985913Z Get:3 http://azure.archive.ubuntu.com/ubuntu noble-updates InRelease [126 kB]
inyectar-datos-azure	Instalar dependencias y ODBC Driver para Linux	2026-09-02T04:11:45.4059551Z Get:4 http://azure.archive.ubuntu.com/ubuntu noble-backports InRelease [126 kB]
inyectar-datos-azure	Instalar dependencias y ODBC Driver para Linux	2026-09-02T04:11:45.4093335Z Get:5 http://azure.archive.ubuntu.com/ubuntu noble-security InRelease [126 kB]
inyectar-datos-azure	Instalar dependencias y ODBC Driver para Linux	2026-09-02T04:11:45.4406100Z Get:6 https://dl.google.com/linux/chrome-stable/deb stable InRelease [2548 B]
inyectar-datos-azure	Instalar dependencias y ODBC Driver para Linux	2026-09-02T04:11:45.5731683Z Get:7 https://packages.microsoft.com/repos/azure-cli noble InRelease [3564 B]
inyectar-datos-azure	Instalar dependencias y ODBC Driver para Linux	2026-09-02T04:11:45.5735601Z Get:8 https://packages.microsoft.com/ubuntu/24.04/prod noble InRelease [3600 B]
inyectar-datos-azure	Instalar dependencias y ODBC Driver para Linux	2026-09-02T04:11:45.5757245Z Get:9 http://azure.archive.ubuntu.com/ubuntu noble-updates/main amd64 Packages [1232 kB]
inyectar-datos-azure	Instalar dependencias y ODBC Driver para Linux	2026-09-02T04:11:45.5761578Z Get:18 https://packages.microsoft.com/ubuntu/22.04/prod jammy InRelease [3632 B]
inyectar-datos-azure	Instalar dependencias y ODBC Driver para Linux	2026-09-02T04:11:45.5900369Z Get:10 http://azure.archive.ubuntu.com/ubuntu noble-updates/main Translation-en [288 kB]
inyectar-datos-azure	Instalar dependencias y ODBC Driver para Linux	2026-09-02T04:11:45.5931375Z Get:11 http://azure.archive.ubuntu.com/ubuntu noble-updates/main amd64 Components [181 kB]
inyectar-datos-azure	Instalar dependencias y ODBC Driver para Linux	2026-09-02T04:11:45.5949828Z Get:12 http://azure.archive.ubuntu.com/ubuntu noble-updates/universe amd64 Packages [1690 kB]
inyectar-datos-azure	Instalar dependencias y ODBC Driver para Linux	2026-09-02T04:11:45.6038970Z Get:13 http://azure.archive.ubuntu.com/ubuntu noble-updates/universe Translation-en [338 kB]
inyectar-datos-azure	Instalar dependencias y ODBC Driver para Linux	2026-09-02T04:11:45.6046289Z Get:14 http://azure.archive.ubuntu.com/ubuntu noble-updates/universe amd64 Components [388 kB]
inyectar-datos-azure	Instalar dependencias y ODBC Driver para Linux	2026-09-02T04:11:45.6079782Z Get:15 http://azure.archive.ubuntu.com/ubuntu noble-updates/restricted amd64 Packages [1486 kB]
inyectar-datos-azure	Instalar dependencias y ODBC Driver para Linux	2026-09-02T04:11:45.6163523Z Get:16 http://azure.archive.ubuntu.com/ubuntu noble-updates/restricted Translation-en [339 kB]
inyectar-datos-azure	Instalar dependencias y ODBC Driver para Linux	2026-09-02T04:11:45.6189750Z Get:17 http://azure.archive.ubuntu.com/ubuntu noble-updates/multiverse amd64 Components [940 B]
inyectar-datos-azure	Instalar dependencias y ODBC Driver para Linux	2026-09-02T04:11:45.6355090Z Get:19 http://azure.archive.ubuntu.com/ubuntu noble-backports/main amd64 Components [5740 B]
inyectar-datos-azure	Instalar dependencias y ODBC Driver para Linux	2026-09-02T04:11:45.6881243Z Get:20 http://azure.archive.ubuntu.com/ubuntu noble-backports/universe amd64 Components [12.6 kB]
inyectar-datos-azure	Instalar dependencias y ODBC Driver para Linux	2026-09-02T04:11:45.6885278Z Get:21 http://azure.archive.ubuntu.com/ubuntu noble-security/main amd64 Packages [981 kB]
inyectar-datos-azure	Instalar dependencias y ODBC Driver para Linux	2026-09-02T04:11:45.6931428Z Get:22 http://azure.archive.ubuntu.com/ubuntu noble-security/main Translation-en [210 kB]
inyectar-datos-azure	Instalar dependencias y ODBC Driver para Linux	2026-09-02T04:11:45.6968149Z Get:23 http://azure.archive.ubuntu.com/ubuntu noble-security/main amd64 Components [46.4 kB]
inyectar-datos-azure	Instalar dependencias y ODBC Driver para Linux	2026-09-02T04:11:45.6979987Z Get:24 http://azure.archive.ubuntu.com/ubuntu noble-security/universe amd64 Packages [1205 kB]
inyectar-datos-azure	Instalar dependencias y ODBC Driver para Linux	2026-09-02T04:11:45.7035401Z Get:25 http://azure.archive.ubuntu.com/ubuntu noble-security/universe Translation-en [241 kB]
inyectar-datos-azure	Instalar dependencias y ODBC Driver para Linux	2026-09-02T04:11:45.7069860Z Get:26 http://azure.archive.ubuntu.com/ubuntu noble-security/universe amd64 Components [76.2 kB]
inyectar-datos-azure	Instalar dependencias y ODBC Driver para Linux	2026-09-02T04:11:45.7099691Z Get:27 http://azure.archive.ubuntu.com/ubuntu noble-security/restricted amd64 Packages [1392 kB]
inyectar-datos-azure	Instalar dependencias y ODBC Driver para Linux	2026-09-02T04:11:45.7145722Z Get:28 http://azure.archive.ubuntu.com/ubuntu noble-security/restricted Translation-en [321 kB]
inyectar-datos-azure	Instalar dependencias y ODBC Driver para Linux	2026-09-02T04:11:45.7180012Z Get:29 http://azure.archive.ubuntu.com/ubuntu noble-security/multiverse Translation-en [11.1 kB]
inyectar-datos-azure	Instalar dependencias y ODBC Driver para Linux	2026-09-02T04:11:45.7864758Z Get:30 https://dl.google.com/linux/chrome-stable/deb stable/main amd64 Packages [1410 B]
inyectar-datos-azure	Instalar dependencias y ODBC Driver para Linux	2026-09-02T04:11:45.7969780Z Get:31 https://packages.microsoft.com/repos/azure-cli noble/main amd64 Packages [2515 B]
inyectar-datos-azure	Instalar dependencias y ODBC Driver para Linux	2026-09-02T04:11:45.8434219Z Get:32 https://packages.microsoft.com/ubuntu/24.04/prod noble/main armhf Packages [12.5 kB]
inyectar-datos-azure	Instalar dependencias y ODBC Driver para Linux	2026-09-02T04:11:45.8469750Z Get:33 https://packages.microsoft.com/ubuntu/24.04/prod noble/main arm64 Packages [387 kB]
inyectar-datos-azure	Instalar dependencias y ODBC Driver para Linux	2026-09-02T04:11:45.8571585Z Get:34 https://packages.microsoft.com/ubuntu/24.04/prod noble/main amd64 Packages [434 kB]
inyectar-datos-azure	Instalar dependencias y ODBC Driver para Linux	2026-09-02T04:11:45.9143938Z Get:35 https://packages.microsoft.com/ubuntu/22.04/prod jammy/main armhf Packages [23.3 kB]
inyectar-datos-azure	Instalar dependencias y ODBC Driver para Linux	2026-09-02T04:11:45.9174853Z Get:36 https://packages.microsoft.com/ubuntu/22.04/prod jammy/main amd64 Packages [713 kB]
inyectar-datos-azure	Instalar dependencias y ODBC Driver para Linux	2026-09-02T04:11:45.9236038Z Get:37 https://packages.microsoft.com/ubuntu/22.04/prod jammy/main all Packages [1331 B]
inyectar-datos-azure	Instalar dependencias y ODBC Driver para Linux	2026-09-02T04:11:45.9257886Z Get:38 https://packages.microsoft.com/ubuntu/22.04/prod jammy/main arm64 Packages [482 kB]
inyectar-datos-azure	Instalar dependencias y ODBC Driver para Linux	2026-09-02T04:11:50.7309854Z Fetched 12.9 MB in 1s (9158 kB/s)
inyectar-datos-azure	Instalar dependencias y ODBC Driver para Linux	2026-09-02T04:11:52.0032533Z Reading package lists...
inyectar-datos-azure	Instalar dependencias y ODBC Driver para Linux	2026-09-02T04:11:52.0363954Z Reading package lists...
inyectar-datos-azure	Instalar dependencias y ODBC Driver para Linux	2026-09-02T04:11:52.2433819Z Building dependency tree...
inyectar-datos-azure	Instalar dependencias y ODBC Driver para Linux	2026-09-02T04:11:52.2446137Z Reading state information...
inyectar-datos-azure	Instalar dependencias y ODBC Driver para Linux	2026-09-02T04:11:52.3789828Z The following additional packages will be installed:
inyectar-datos-azure	Instalar dependencias y ODBC Driver para Linux	2026-09-02T04:11:52.3797323Z   libodbccr2 libodbcinst2 odbcinst unixodbc unixodbc-common
inyectar-datos-azure	Instalar dependencias y ODBC Driver para Linux	2026-09-02T04:11:52.4183317Z The following NEW packages will be installed:
inyectar-datos-azure	Instalar dependencias y ODBC Driver para Linux	2026-09-02T04:11:52.4187165Z   libodbccr2 libodbcinst2 msodbcsql18 odbcinst unixodbc unixodbc-common
inyectar-datos-azure	Instalar dependencias y ODBC Driver para Linux	2026-09-02T04:11:52.4188610Z   unixodbc-dev
inyectar-datos-azure	Instalar dependencias y ODBC Driver para Linux	2026-09-02T04:11:52.4410464Z 0 upgraded, 7 newly installed, 0 to remove and 86 not upgraded.
inyectar-datos-azure	Instalar dependencias y ODBC Driver para Linux	2026-09-02T04:11:52.4411539Z Need to get 1141 kB of archives.
inyectar-datos-azure	Instalar dependencias y ODBC Driver para Linux	2026-09-02T04:11:52.4419038Z After this operation, 2162 kB of additional disk space will be used.
inyectar-datos-azure	Instalar dependencias y ODBC Driver para Linux	2026-09-02T04:11:52.4420114Z Get:1 file:/etc/apt/apt-mirrors.txt Mirrorlist [144 B]
inyectar-datos-azure	Instalar dependencias y ODBC Driver para Linux	2026-09-02T04:11:52.4542745Z Get:8 https://packages.microsoft.com/ubuntu/24.04/prod noble/main amd64 msodbcsql18 amd64 18.6.2.1-1 [798 kB]
inyectar-datos-azure	Instalar dependencias y ODBC Driver para Linux	2026-09-02T04:11:52.5186437Z Get:2 http://azure.archive.ubuntu.com/ubuntu noble-updates/main amd64 libodbccr2 amd64 2.3.12-1ubuntu0.24.04.1 [16.1 kB]
inyectar-datos-azure	Instalar dependencias y ODBC Driver para Linux	2026-09-02T04:11:52.5807093Z Get:3 http://azure.archive.ubuntu.com/ubuntu noble-updates/main amd64 unixodbc-common all 2.3.12-1ubuntu0.24.04.1 [8806 B]
inyectar-datos-azure	Instalar dependencias y ODBC Driver para Linux	2026-09-02T04:11:52.6420998Z Get:4 http://azure.archive.ubuntu.com/ubuntu noble-updates/main amd64 libodbcinst2 amd64 2.3.12-1ubuntu0.24.04.1 [30.7 kB]
inyectar-datos-azure	Instalar dependencias y ODBC Driver para Linux	2026-09-02T04:11:52.7041558Z Get:5 http://azure.archive.ubuntu.com/ubuntu noble-updates/main amd64 odbcinst amd64 2.3.12-1ubuntu0.24.04.1 [9672 B]
inyectar-datos-azure	Instalar dependencias y ODBC Driver para Linux	2026-09-02T04:11:52.7658140Z Get:6 http://azure.archive.ubuntu.com/ubuntu noble-updates/universe amd64 unixodbc amd64 2.3.12-1ubuntu0.24.04.1 [27.5 kB]
inyectar-datos-azure	Instalar dependencias y ODBC Driver para Linux	2026-09-02T04:11:52.8277182Z Get:7 http://azure.archive.ubuntu.com/ubuntu noble-updates/main amd64 unixodbc-dev amd64 2.3.12-1ubuntu0.24.04.1 [250 kB]
inyectar-datos-azure	Instalar dependencias y ODBC Driver para Linux	2026-09-02T04:11:53.0451022Z Preconfiguring packages ...
inyectar-datos-azure	Instalar dependencias y ODBC Driver para Linux	2026-09-02T04:11:53.0930353Z Fetched 1141 kB in 0s (2825 kB/s)
inyectar-datos-azure	Instalar dependencias y ODBC Driver para Linux	2026-09-02T04:11:53.1375741Z Selecting previously unselected package libodbccr2:amd64.
inyectar-datos-azure	Instalar dependencias y ODBC Driver para Linux	2026-09-02T04:11:53.1723457Z (Reading database ... 
inyectar-datos-azure	Instalar dependencias y ODBC Driver para Linux	2026-09-02T04:11:53.1724114Z (Reading database ... 5%
inyectar-datos-azure	Instalar dependencias y ODBC Driver para Linux	2026-09-02T04:11:53.1724517Z (Reading database ... 10%
inyectar-datos-azure	Instalar dependencias y ODBC Driver para Linux	2026-09-02T04:11:53.1724866Z (Reading database ... 15%
inyectar-datos-azure	Instalar dependencias y ODBC Driver para Linux	2026-09-02T04:11:53.1725471Z (Reading database ... 20%
inyectar-datos-azure	Instalar dependencias y ODBC Driver para Linux	2026-09-02T04:11:53.1726040Z (Reading database ... 25%
inyectar-datos-azure	Instalar dependencias y ODBC Driver para Linux	2026-09-02T04:11:53.1726607Z (Reading database ... 30%
inyectar-datos-azure	Instalar dependencias y ODBC Driver para Linux	2026-09-02T04:11:53.1727051Z (Reading database ... 35%
inyectar-datos-azure	Instalar dependencias y ODBC Driver para Linux	2026-09-02T04:11:53.1727569Z (Reading database ... 40%
inyectar-datos-azure	Instalar dependencias y ODBC Driver para Linux	2026-09-02T04:11:53.1727915Z (Reading database ... 45%
inyectar-datos-azure	Instalar dependencias y ODBC Driver para Linux	2026-09-02T04:11:53.1728265Z (Reading database ... 50%
inyectar-datos-azure	Instalar dependencias y ODBC Driver para Linux	2026-09-02T04:11:53.2035369Z (Reading database ... 55%
inyectar-datos-azure	Instalar dependencias y ODBC Driver para Linux	2026-09-02T04:11:53.3775322Z (Reading database ... 60%
inyectar-datos-azure	Instalar dependencias y ODBC Driver para Linux	2026-09-02T04:11:53.6989812Z (Reading database ... 65%
inyectar-datos-azure	Instalar dependencias y ODBC Driver para Linux	2026-09-02T04:11:54.0051656Z (Reading database ... 70%
inyectar-datos-azure	Instalar dependencias y ODBC Driver para Linux	2026-09-02T04:11:54.3162433Z (Reading database ... 75%
inyectar-datos-azure	Instalar dependencias y ODBC Driver para Linux	2026-09-02T04:11:54.6634691Z (Reading database ... 80%
inyectar-datos-azure	Instalar dependencias y ODBC Driver para Linux	2026-09-02T04:11:55.5351753Z (Reading database ... 85%
inyectar-datos-azure	Instalar dependencias y ODBC Driver para Linux	2026-09-02T04:11:56.2994547Z (Reading database ... 90%
inyectar-datos-azure	Instalar dependencias y ODBC Driver para Linux	2026-09-02T04:11:57.0080464Z (Reading database ... 95%
inyectar-datos-azure	Instalar dependencias y ODBC Driver para Linux	2026-09-02T04:11:57.0081565Z (Reading database ... 100%
inyectar-datos-azure	Instalar dependencias y ODBC Driver para Linux	2026-09-02T04:11:57.0082424Z (Reading database ... 203385 files and directories currently installed.)
inyectar-datos-azure	Instalar dependencias y ODBC Driver para Linux	2026-09-02T04:11:57.0126783Z Preparing to unpack .../0-libodbccr2_2.3.12-1ubuntu0.24.04.1_amd64.deb ...
inyectar-datos-azure	Instalar dependencias y ODBC Driver para Linux	2026-09-02T04:11:57.0170586Z Unpacking libodbccr2:amd64 (2.3.12-1ubuntu0.24.04.1) ...
inyectar-datos-azure	Instalar dependencias y ODBC Driver para Linux	2026-09-02T04:11:57.0400449Z Selecting previously unselected package unixodbc-common.
inyectar-datos-azure	Instalar dependencias y ODBC Driver para Linux	2026-09-02T04:11:57.0531516Z Preparing to unpack .../1-unixodbc-common_2.3.12-1ubuntu0.24.04.1_all.deb ...
inyectar-datos-azure	Instalar dependencias y ODBC Driver para Linux	2026-09-02T04:11:57.0542471Z Unpacking unixodbc-common (2.3.12-1ubuntu0.24.04.1) ...
inyectar-datos-azure	Instalar dependencias y ODBC Driver para Linux	2026-09-02T04:11:57.0796833Z Selecting previously unselected package libodbcinst2:amd64.
inyectar-datos-azure	Instalar dependencias y ODBC Driver para Linux	2026-09-02T04:11:57.0925094Z Preparing to unpack .../2-libodbcinst2_2.3.12-1ubuntu0.24.04.1_amd64.deb ...
inyectar-datos-azure	Instalar dependencias y ODBC Driver para Linux	2026-09-02T04:11:57.0936497Z Unpacking libodbcinst2:amd64 (2.3.12-1ubuntu0.24.04.1) ...
inyectar-datos-azure	Instalar dependencias y ODBC Driver para Linux	2026-09-02T04:11:57.1145250Z Selecting previously unselected package odbcinst.
inyectar-datos-azure	Instalar dependencias y ODBC Driver para Linux	2026-09-02T04:11:57.1274420Z Preparing to unpack .../3-odbcinst_2.3.12-1ubuntu0.24.04.1_amd64.deb ...
inyectar-datos-azure	Instalar dependencias y ODBC Driver para Linux	2026-09-02T04:11:57.1284095Z Unpacking odbcinst (2.3.12-1ubuntu0.24.04.1) ...
inyectar-datos-azure	Instalar dependencias y ODBC Driver para Linux	2026-09-02T04:11:57.1496345Z Selecting previously unselected package unixodbc.
inyectar-datos-azure	Instalar dependencias y ODBC Driver para Linux	2026-09-02T04:11:57.1626855Z Preparing to unpack .../4-unixodbc_2.3.12-1ubuntu0.24.04.1_amd64.deb ...
inyectar-datos-azure	Instalar dependencias y ODBC Driver para Linux	2026-09-02T04:11:57.1638649Z Unpacking unixodbc (2.3.12-1ubuntu0.24.04.1) ...
inyectar-datos-azure	Instalar dependencias y ODBC Driver para Linux	2026-09-02T04:11:57.1898175Z Selecting previously unselected package msodbcsql18.
inyectar-datos-azure	Instalar dependencias y ODBC Driver para Linux	2026-09-02T04:11:57.2023809Z Preparing to unpack .../5-msodbcsql18_18.6.2.1-1_amd64.deb ...
inyectar-datos-azure	Instalar dependencias y ODBC Driver para Linux	2026-09-02T04:11:57.2961654Z Unpacking msodbcsql18 (18.6.2.1-1) ...
inyectar-datos-azure	Instalar dependencias y ODBC Driver para Linux	2026-09-02T04:11:57.3691797Z Selecting previously unselected package unixodbc-dev:amd64.
inyectar-datos-azure	Instalar dependencias y ODBC Driver para Linux	2026-09-02T04:11:57.3821894Z Preparing to unpack .../6-unixodbc-dev_2.3.12-1ubuntu0.24.04.1_amd64.deb ...
inyectar-datos-azure	Instalar dependencias y ODBC Driver para Linux	2026-09-02T04:11:57.3832968Z Unpacking unixodbc-dev:amd64 (2.3.12-1ubuntu0.24.04.1) ...
inyectar-datos-azure	Instalar dependencias y ODBC Driver para Linux	2026-09-02T04:11:57.4406093Z Setting up unixodbc-common (2.3.12-1ubuntu0.24.04.1) ...
inyectar-datos-azure	Instalar dependencias y ODBC Driver para Linux	2026-09-02T04:11:57.4454527Z Setting up libodbccr2:amd64 (2.3.12-1ubuntu0.24.04.1) ...
inyectar-datos-azure	Instalar dependencias y ODBC Driver para Linux	2026-09-02T04:11:57.4483681Z Setting up libodbcinst2:amd64 (2.3.12-1ubuntu0.24.04.1) ...
inyectar-datos-azure	Instalar dependencias y ODBC Driver para Linux	2026-09-02T04:11:57.4512347Z Setting up odbcinst (2.3.12-1ubuntu0.24.04.1) ...
inyectar-datos-azure	Instalar dependencias y ODBC Driver para Linux	2026-09-02T04:11:57.4541205Z Setting up unixodbc (2.3.12-1ubuntu0.24.04.1) ...
inyectar-datos-azure	Instalar dependencias y ODBC Driver para Linux	2026-09-02T04:11:57.4568240Z Setting up msodbcsql18 (18.6.2.1-1) ...
inyectar-datos-azure	Instalar dependencias y ODBC Driver para Linux	2026-09-02T04:11:57.4608457Z odbcinst: Driver installed. Usage count increased to 1. 
inyectar-datos-azure	Instalar dependencias y ODBC Driver para Linux	2026-09-02T04:11:57.4609007Z     Target directory is /etc
inyectar-datos-azure	Instalar dependencias y ODBC Driver para Linux	2026-09-02T04:11:57.4623087Z Setting up unixodbc-dev:amd64 (2.3.12-1ubuntu0.24.04.1) ...
inyectar-datos-azure	Instalar dependencias y ODBC Driver para Linux	2026-09-02T04:11:57.4656163Z Processing triggers for man-db (2.12.0-4build2) ...
inyectar-datos-azure	Instalar dependencias y ODBC Driver para Linux	2026-09-02T04:11:57.4681200Z Not building database; man-db/auto-update is not 'true'.
inyectar-datos-azure	Instalar dependencias y ODBC Driver para Linux	2026-09-02T04:11:57.4696067Z Processing triggers for libc-bin (2.39-0ubuntu8.8) ...
inyectar-datos-azure	Instalar dependencias y ODBC Driver para Linux	2026-09-02T04:11:58.7837539Z 
inyectar-datos-azure	Instalar dependencias y ODBC Driver para Linux	2026-09-02T04:11:58.7838309Z Running kernel seems to be up-to-date.
inyectar-datos-azure	Instalar dependencias y ODBC Driver para Linux	2026-09-02T04:11:58.7838820Z 
inyectar-datos-azure	Instalar dependencias y ODBC Driver para Linux	2026-09-02T04:11:58.7839082Z No services need to be restarted.
inyectar-datos-azure	Instalar dependencias y ODBC Driver para Linux	2026-09-02T04:11:58.7839361Z 
inyectar-datos-azure	Instalar dependencias y ODBC Driver para Linux	2026-09-02T04:11:58.7839520Z No containers need to be restarted.
inyectar-datos-azure	Instalar dependencias y ODBC Driver para Linux	2026-09-02T04:11:58.7840374Z 
inyectar-datos-azure	Instalar dependencias y ODBC Driver para Linux	2026-09-02T04:11:58.7840660Z No user sessions are running outdated binaries.
inyectar-datos-azure	Instalar dependencias y ODBC Driver para Linux	2026-09-02T04:11:58.7841123Z 
inyectar-datos-azure	Instalar dependencias y ODBC Driver para Linux	2026-09-02T04:11:58.7841572Z No VM guests are running outdated hypervisor (qemu) binaries on this host.
inyectar-datos-azure	Instalar librer├¡as de Python	´╗┐2026-09-02T04:11:59.6596063Z ##[group]Run python -m pip install --upgrade pip
inyectar-datos-azure	Instalar librer├¡as de Python	2026-09-02T04:11:59.6596482Z ^[[36;1mpython -m pip install --upgrade pip^[[0m
inyectar-datos-azure	Instalar librer├¡as de Python	2026-09-02T04:11:59.6596823Z ^[[36;1mpip install -r capa_bronze/requirements.txt^[[0m
inyectar-datos-azure	Instalar librer├¡as de Python	2026-09-02T04:11:59.6636551Z shell: /usr/bin/bash -e {0}
inyectar-datos-azure	Instalar librer├¡as de Python	2026-09-02T04:11:59.6636805Z env:
inyectar-datos-azure	Instalar librer├¡as de Python	2026-09-02T04:11:59.6637080Z   pythonLocation: /opt/hostedtoolcache/Python/3.10.21/x64
inyectar-datos-azure	Instalar librer├¡as de Python	2026-09-02T04:11:59.6638059Z   PKG_CONFIG_PATH: /opt/hostedtoolcache/Python/3.10.21/x64/lib/pkgconfig
inyectar-datos-azure	Instalar librer├¡as de Python	2026-09-02T04:11:59.6638517Z   Python_ROOT_DIR: /opt/hostedtoolcache/Python/3.10.21/x64
inyectar-datos-azure	Instalar librer├¡as de Python	2026-09-02T04:11:59.6638913Z   Python2_ROOT_DIR: /opt/hostedtoolcache/Python/3.10.21/x64
inyectar-datos-azure	Instalar librer├¡as de Python	2026-09-02T04:11:59.6639315Z   Python3_ROOT_DIR: /opt/hostedtoolcache/Python/3.10.21/x64
inyectar-datos-azure	Instalar librer├¡as de Python	2026-09-02T04:11:59.6639711Z   LD_LIBRARY_PATH: /opt/hostedtoolcache/Python/3.10.21/x64/lib
inyectar-datos-azure	Instalar librer├¡as de Python	2026-09-02T04:11:59.6640035Z ##[endgroup]
inyectar-datos-azure	Instalar librer├¡as de Python	2026-09-02T04:12:02.5295736Z Requirement already satisfied: pip in /opt/hostedtoolcache/Python/3.10.21/x64/lib/python3.10/site-packages (26.2.1)
inyectar-datos-azure	Instalar librer├¡as de Python	2026-09-02T04:12:03.9345296Z Collecting pandas>=2.0.0 (from -r capa_bronze/requirements.txt (line 1))
inyectar-datos-azure	Instalar librer├¡as de Python	2026-09-02T04:12:04.0362983Z   Downloading pandas-2.3.3-cp310-cp310-manylinux_2_24_x86_64.manylinux_2_28_x86_64.whl.metadata (91 kB)
inyectar-datos-azure	Instalar librer├¡as de Python	2026-09-02T04:12:04.4778057Z Collecting SQLAlchemy>=2.0.0 (from -r capa_bronze/requirements.txt (line 2))
inyectar-datos-azure	Instalar librer├¡as de Python	2026-09-02T04:12:04.5008487Z   Downloading sqlalchemy-2.0.52-cp310-cp310-manylinux2014_x86_64.manylinux_2_17_x86_64.manylinux_2_28_x86_64.whl.metadata (9.6 kB)
inyectar-datos-azure	Instalar librer├¡as de Python	2026-09-02T04:12:04.5939789Z Collecting pyodbc>=4.0.0 (from -r capa_bronze/requirements.txt (line 3))
inyectar-datos-azure	Instalar librer├¡as de Python	2026-09-02T04:12:04.6177749Z   Downloading pyodbc-5.3.0-cp310-cp310-manylinux2014_x86_64.manylinux_2_17_x86_64.manylinux_2_28_x86_64.whl.metadata (2.7 kB)
inyectar-datos-azure	Instalar librer├¡as de Python	2026-09-02T04:12:04.8762436Z Collecting numpy>=1.22.4 (from pandas>=2.0.0->-r capa_bronze/requirements.txt (line 1))
inyectar-datos-azure	Instalar librer├¡as de Python	2026-09-02T04:12:04.8978606Z   Downloading numpy-2.2.6-cp310-cp310-manylinux_2_17_x86_64.manylinux2014_x86_64.whl.metadata (62 kB)
inyectar-datos-azure	Instalar librer├¡as de Python	2026-09-02T04:12:04.9480661Z Collecting python-dateutil>=2.8.2 (from pandas>=2.0.0->-r capa_bronze/requirements.txt (line 1))
inyectar-datos-azure	Instalar librer├¡as de Python	2026-09-02T04:12:04.9693010Z   Downloading python_dateutil-2.9.0.post0-py2.py3-none-any.whl.metadata (8.4 kB)
inyectar-datos-azure	Instalar librer├¡as de Python	2026-09-02T04:12:05.0266681Z Collecting pytz>=2020.1 (from pandas>=2.0.0->-r capa_bronze/requirements.txt (line 1))
inyectar-datos-azure	Instalar librer├¡as de Python	2026-09-02T04:12:05.0477516Z   Downloading pytz-2026.3.post1-py2.py3-none-any.whl.metadata (22 kB)
inyectar-datos-azure	Instalar librer├¡as de Python	2026-09-02T04:12:05.0798220Z Collecting tzdata>=2022.7 (from pandas>=2.0.0->-r capa_bronze/requirements.txt (line 1))
inyectar-datos-azure	Instalar librer├¡as de Python	2026-09-02T04:12:05.1007954Z   Downloading tzdata-2026.3-py2.py3-none-any.whl.metadata (1.4 kB)
inyectar-datos-azure	Instalar librer├¡as de Python	2026-09-02T04:12:05.3120853Z Collecting greenlet>=1 (from SQLAlchemy>=2.0.0->-r capa_bronze/requirements.txt (line 2))
inyectar-datos-azure	Instalar librer├¡as de Python	2026-09-02T04:12:05.3337792Z   Downloading greenlet-3.5.5-cp310-cp310-manylinux_2_24_x86_64.manylinux_2_28_x86_64.whl.metadata (3.8 kB)
inyectar-datos-azure	Instalar librer├¡as de Python	2026-09-02T04:12:05.3709395Z Collecting typing-extensions>=4.6.0 (from SQLAlchemy>=2.0.0->-r capa_bronze/requirements.txt (line 2))
inyectar-datos-azure	Instalar librer├¡as de Python	2026-09-02T04:12:05.3937350Z   Downloading typing_extensions-4.16.0-py3-none-any.whl.metadata (3.3 kB)
inyectar-datos-azure	Instalar librer├¡as de Python	2026-09-02T04:12:05.4273718Z Collecting six>=1.5 (from python-dateutil>=2.8.2->pandas>=2.0.0->-r capa_bronze/requirements.txt (line 1))
inyectar-datos-azure	Instalar librer├¡as de Python	2026-09-02T04:12:05.4484826Z   Downloading six-1.17.0-py2.py3-none-any.whl.metadata (1.7 kB)
inyectar-datos-azure	Instalar librer├¡as de Python	2026-09-02T04:12:05.4734049Z Downloading pandas-2.3.3-cp310-cp310-manylinux_2_24_x86_64.manylinux_2_28_x86_64.whl (12.8 MB)
inyectar-datos-azure	Instalar librer├¡as de Python	2026-09-02T04:12:05.7174556Z    ÔöüÔöüÔöüÔöüÔöüÔöüÔöüÔöüÔöüÔöüÔöüÔöüÔöüÔöüÔöüÔöüÔöüÔöüÔöüÔöüÔöüÔöüÔöüÔöüÔöüÔöüÔöüÔöüÔöüÔöüÔöüÔöüÔöüÔöüÔöüÔöüÔöüÔöüÔöüÔöü 12.8/12.8 MB 62.0 MB/s  0:00:00
inyectar-datos-azure	Instalar librer├¡as de Python	2026-09-02T04:12:05.7396913Z Downloading sqlalchemy-2.0.52-cp310-cp310-manylinux2014_x86_64.manylinux_2_17_x86_64.manylinux_2_28_x86_64.whl (3.3 MB)
inyectar-datos-azure	Instalar librer├¡as de Python	2026-09-02T04:12:05.7545990Z    ÔöüÔöüÔöüÔöüÔöüÔöüÔöüÔöüÔöüÔöüÔöüÔöüÔöüÔöüÔöüÔöüÔöüÔöüÔöüÔöüÔöüÔöüÔöüÔöüÔöüÔöüÔöüÔöüÔöüÔöüÔöüÔöüÔöüÔöüÔöüÔöüÔöüÔöüÔöüÔöü 3.3/3.3 MB 246.3 MB/s  0:00:00
inyectar-datos-azure	Instalar librer├¡as de Python	2026-09-02T04:12:05.7803041Z Downloading pyodbc-5.3.0-cp310-cp310-manylinux2014_x86_64.manylinux_2_17_x86_64.manylinux_2_28_x86_64.whl (322 kB)
inyectar-datos-azure	Instalar librer├¡as de Python	2026-09-02T04:12:05.8066905Z Downloading greenlet-3.5.5-cp310-cp310-manylinux_2_24_x86_64.manylinux_2_28_x86_64.whl (622 kB)
inyectar-datos-azure	Instalar librer├¡as de Python	2026-09-02T04:12:05.8129254Z    ÔöüÔöüÔöüÔöüÔöüÔöüÔöüÔöüÔöüÔöüÔöüÔöüÔöüÔöüÔöüÔöüÔöüÔöüÔöüÔöüÔöüÔöüÔöüÔöüÔöüÔöüÔöüÔöüÔöüÔöüÔöüÔöüÔöüÔöüÔöüÔöüÔöüÔöüÔöüÔöü 622.8/622.8 kB 103.5 MB/s  0:00:00
inyectar-datos-azure	Instalar librer├¡as de Python	2026-09-02T04:12:05.8354778Z Downloading numpy-2.2.6-cp310-cp310-manylinux_2_17_x86_64.manylinux2014_x86_64.whl (16.8 MB)
inyectar-datos-azure	Instalar librer├¡as de Python	2026-09-02T04:12:05.9072869Z    ÔöüÔöüÔöüÔöüÔöüÔöüÔöüÔöüÔöüÔöüÔöüÔöüÔöüÔöüÔöüÔöüÔöüÔöüÔöüÔöüÔöüÔöüÔöüÔöüÔöüÔöüÔöüÔöüÔöüÔöüÔöüÔöüÔöüÔöüÔöüÔöüÔöüÔöüÔöüÔöü 16.8/16.8 MB 244.7 MB/s  0:00:00
inyectar-datos-azure	Instalar librer├¡as de Python	2026-09-02T04:12:05.9299115Z Downloading python_dateutil-2.9.0.post0-py2.py3-none-any.whl (229 kB)
inyectar-datos-azure	Instalar librer├¡as de Python	2026-09-02T04:12:05.9552611Z Downloading pytz-2026.3.post1-py2.py3-none-any.whl (508 kB)
inyectar-datos-azure	Instalar librer├¡as de Python	2026-09-02T04:12:05.9808464Z Downloading six-1.17.0-py2.py3-none-any.whl (11 kB)
inyectar-datos-azure	Instalar librer├¡as de Python	2026-09-02T04:12:06.0064913Z Downloading typing_extensions-4.16.0-py3-none-any.whl (45 kB)
inyectar-datos-azure	Instalar librer├¡as de Python	2026-09-02T04:12:06.0306603Z Downloading tzdata-2026.3-py2.py3-none-any.whl (348 kB)
inyectar-datos-azure	Instalar librer├¡as de Python	2026-09-02T04:12:06.2341947Z Installing collected packages: pytz, tzdata, typing-extensions, six, pyodbc, numpy, greenlet, SQLAlchemy, python-dateutil, pandas
inyectar-datos-azure	Instalar librer├¡as de Python	2026-09-02T04:12:13.5660830Z 
inyectar-datos-azure	Instalar librer├¡as de Python	2026-09-02T04:12:13.5684335Z Successfully installed SQLAlchemy-2.0.52 greenlet-3.5.5 numpy-2.2.6 pandas-2.3.3 pyodbc-5.3.0 python-dateutil-2.9.0.post0 pytz-2026.3.post1 six-1.17.0 typing-extensions-4.16.0 tzdata-2026.3
inyectar-datos-azure	Ejecutar Generador AML	´╗┐2026-09-02T04:12:13.6358846Z ##[group]Run python capa_bronze/main.py
inyectar-datos-azure	Ejecutar Generador AML	2026-09-02T04:12:13.6359212Z ^[[36;1mpython capa_bronze/main.py^[[0m
inyectar-datos-azure	Ejecutar Generador AML	2026-09-02T04:12:13.6396624Z shell: /usr/bin/bash -e {0}
inyectar-datos-azure	Ejecutar Generador AML	2026-09-02T04:12:13.6396884Z env:
inyectar-datos-azure	Ejecutar Generador AML	2026-09-02T04:12:13.6397155Z   pythonLocation: /opt/hostedtoolcache/Python/3.10.21/x64
inyectar-datos-azure	Ejecutar Generador AML	2026-09-02T04:12:13.6397901Z   PKG_CONFIG_PATH: /opt/hostedtoolcache/Python/3.10.21/x64/lib/pkgconfig
inyectar-datos-azure	Ejecutar Generador AML	2026-09-02T04:12:13.6398362Z   Python_ROOT_DIR: /opt/hostedtoolcache/Python/3.10.21/x64
inyectar-datos-azure	Ejecutar Generador AML	2026-09-02T04:12:13.6398781Z   Python2_ROOT_DIR: /opt/hostedtoolcache/Python/3.10.21/x64
inyectar-datos-azure	Ejecutar Generador AML	2026-09-02T04:12:13.6399192Z   Python3_ROOT_DIR: /opt/hostedtoolcache/Python/3.10.21/x64
inyectar-datos-azure	Ejecutar Generador AML	2026-09-02T04:12:13.6399595Z   LD_LIBRARY_PATH: /opt/hostedtoolcache/Python/3.10.21/x64/lib
inyectar-datos-azure	Ejecutar Generador AML	2026-09-02T04:12:13.6400404Z   AZURE_DB_PASSWORD: ***
inyectar-datos-azure	Ejecutar Generador AML	2026-09-02T04:12:13.6400661Z ##[endgroup]
inyectar-datos-azure	Ejecutar Generador AML	2026-09-02T04:12:14.2583827Z 2026-09-02 04:12:14,258 - INFO - Iniciando la generaci├│n de datos AML sint├®ticos...
inyectar-datos-azure	Ejecutar Generador AML	2026-09-02T04:12:14.4905997Z 2026-09-02 04:12:14,490 - INFO - Generadas 10386 transacciones y 501 clientes.
inyectar-datos-azure	Ejecutar Generador AML	2026-09-02T04:12:14.5009550Z 2026-09-02 04:12:14,500 - INFO - Iniciando inyecci├│n de ruido...
inyectar-datos-azure	Ejecutar Generador AML	2026-09-02T04:12:14.5117767Z 2026-09-02 04:12:14,511 - INFO - Ruido inyectado. Filas finales en hechos: 11138
inyectar-datos-azure	Ejecutar Generador AML	2026-09-02T04:12:14.5633209Z 2026-09-02 04:12:14,563 - INFO - Archivos exportados exitosamente: transacciones_aml_20260902.csv, clientes_aml_20260902.csv
inyectar-datos-azure	Ejecutar Generador AML	2026-09-02T04:12:14.5771144Z 2026-09-02 04:12:14,576 - INFO - Iniciando la carga de datos a la tabla 'Dim_Cliente' en Azure SQL...
inyectar-datos-azure	Ejecutar Generador AML	2026-09-02T04:12:30.1796685Z 2026-09-02 04:12:30,179 - ERROR - Error al subir el DataFrame a la tabla 'Dim_Cliente': (pyodbc.OperationalError) ('HYT00', '[HYT00] [Microsoft][ODBC Driver 18 for SQL Server]Login timeout expired (0) (SQLDriverConnect)')
inyectar-datos-azure	Ejecutar Generador AML	2026-09-02T04:12:30.1798482Z (Background on this error at: https://sqlalche.me/e/20/e3q8)
inyectar-datos-azure	Ejecutar Generador AML	2026-09-02T04:12:45.6946561Z 2026-09-02 04:12:30,179 - INFO - Iniciando la carga de datos a la tabla 'Fact_Transacciones' en Azure SQL...
inyectar-datos-azure	Ejecutar Generador AML	2026-09-02T04:12:45.6948542Z 2026-09-02 04:12:45,694 - ERROR - Error al subir el DataFrame a la tabla 'Fact_Transacciones': (pyodbc.OperationalError) ('HYT00', '[HYT00] [Microsoft][ODBC Driver 18 for SQL Server]Login timeout expired (0) (SQLDriverConnect)')
inyectar-datos-azure	Ejecutar Generador AML	2026-09-02T04:12:45.6949982Z (Background on this error at: https://sqlalche.me/e/20/e3q8)
inyectar-datos-azure	Ejecutar Generador AML	2026-09-02T04:12:45.6950582Z 2026-09-02 04:12:45,694 - INFO - Proceso finalizado exitosamente.
inyectar-datos-azure	Post Configurar Python	´╗┐2026-09-02T04:12:45.7720723Z Node 20 is being deprecated. This workflow is running with Node 24 by default. If you need to temporarily use Node 20, you can set the ACTIONS_ALLOW_USE_UNSECURE_NODE_VERSION=true environment variable. For more information see: https://github.blog/changelog/2025-09-19-deprecation-of-node-20-on-github-actions-runners/
inyectar-datos-azure	Post Configurar Python	2026-09-02T04:12:45.7722172Z Post job cleanup.
inyectar-datos-azure	Post Configurar Python	2026-09-02T04:12:45.8882068Z (node:3050) [DEP0040] DeprecationWarning: The `punycode` module is deprecated. Please use a userland alternative instead.
inyectar-datos-azure	Post Configurar Python	2026-09-02T04:12:45.8883048Z (Use `node --trace-deprecation ...` to show where the warning was created)
inyectar-datos-azure	Post Clonar el repositorio	´╗┐2026-09-02T04:12:45.9107031Z Node 20 is being deprecated. This workflow is running with Node 24 by default. If you need to temporarily use Node 20, you can set the ACTIONS_ALLOW_USE_UNSECURE_NODE_VERSION=true environment variable. For more information see: https://github.blog/changelog/2025-09-19-deprecation-of-node-20-on-github-actions-runners/
inyectar-datos-azure	Post Clonar el repositorio	2026-09-02T04:12:45.9108586Z Post job cleanup.
inyectar-datos-azure	Post Clonar el repositorio	2026-09-02T04:12:45.9972228Z [command]/usr/bin/git version
inyectar-datos-azure	Post Clonar el repositorio	2026-09-02T04:12:46.0013953Z git version 2.55.0
inyectar-datos-azure	Post Clonar el repositorio	2026-09-02T04:12:46.0054317Z Temporarily overriding HOME='/home/runner/work/_temp/d2677afd-5736-4ec8-9edf-564be4330fcd' before making global git config changes
inyectar-datos-azure	Post Clonar el repositorio	2026-09-02T04:12:46.0055683Z Adding repository directory to the temporary git global config as a safe directory
inyectar-datos-azure	Post Clonar el repositorio	2026-09-02T04:12:46.0059889Z [command]/usr/bin/git config --global --add safe.directory /home/runner/work/end-to-end-aml-pipeline/end-to-end-aml-pipeline
inyectar-datos-azure	Post Clonar el repositorio	2026-09-02T04:12:46.0099627Z [command]/usr/bin/git config --local --name-only --get-regexp core\.sshCommand
inyectar-datos-azure	Post Clonar el repositorio	2026-09-02T04:12:46.0135150Z [command]/usr/bin/git submodule foreach --recursive sh -c "git config --local --name-only --get-regexp 'core\.sshCommand' && git config --local --unset-all 'core.sshCommand' || :"
inyectar-datos-azure	Post Clonar el repositorio	2026-09-02T04:12:46.0398579Z [command]/usr/bin/git config --local --name-only --get-regexp http\.https\:\/\/github\.com\/\.extraheader
inyectar-datos-azure	Post Clonar el repositorio	2026-09-02T04:12:46.0415456Z http.https://github.com/.extraheader
inyectar-datos-azure	Post Clonar el repositorio	2026-09-02T04:12:46.0427765Z [command]/usr/bin/git config --local --unset-all http.https://github.com/.extraheader
inyectar-datos-azure	Post Clonar el repositorio	2026-09-02T04:12:46.0465427Z [command]/usr/bin/git submodule foreach --recursive sh -c "git config --local --name-only --get-regexp 'http\.https\:\/\/github\.com\/\.extraheader' && git config --local --unset-all 'http.https://github.com/.extraheader' || :"
inyectar-datos-azure	Post Clonar el repositorio	2026-09-02T04:12:46.0746706Z [command]/usr/bin/git config --local --name-only --get-regexp ^includeIf\.gitdir:
inyectar-datos-azure	Post Clonar el repositorio	2026-09-02T04:12:46.0789259Z [command]/usr/bin/git submodule foreach --recursive git config --local --show-origin --name-only --get-regexp remote.origin.url
inyectar-datos-azure	Complete job	´╗┐2026-09-02T04:12:46.1184350Z Cleaning up orphan processes
inyectar-datos-azure	Complete job	2026-09-02T04:12:46.1503516Z ##[warning]Node.js 20 is deprecated. The following actions target Node.js 20 but are being forced to run on Node.js 24: actions/checkout@v4, actions/setup-python@v5. For more information see: https://github.blog/changelog/2025-09-19-deprecation-of-node-20-on-github-actions-runners/
